To honour the JVM settings for this build a single-use Daemon process will be forked. For more on this, please refer to https://docs.gradle.org/8.10.2/userguide/gradle_daemon.html#sec:disabling_the_daemon in the Gradle documentation.
Daemon will be stopped at the end of the build 
./gradlew : Warning: SDK processing. 
This version only understands SDK 
XML versions up to 3 but an SDK XML 
file of version 4 was encountered. 
This can happen if you use versions 
of Android Studio and the 
command-line tools that were 
released at different times.
At line:1 char:1
+ ./gradlew :app:compileDebugKotlin 
--no-daemon 2>&1 | tee build_error. 
...
+ ~~~~~~~~~~~~~~~~~~~~~~~~~~~~~~~~~~~
~~~~~~~~~~~~~~~
    + CategoryInfo          : NotSpe 
   cified: (Warning: SDK pr...iffer  
  ent times.:String) [], RemoteExc   
 eption
    + FullyQualifiedErrorId : Native 
   CommandError
 
> Task :app:checkKotlinGradlePluginConfigurationErrors SKIPPED
> Task :app:preBuild UP-TO-DATE
> Task :app:preDebugBuild UP-TO-DATE
> Task :app:checkDebugAarMetadata UP-TO-DATE
> Task :app:generateDebugResValues UP-TO-DATE
> Task :app:processDebugGoogleServices UP-TO-DATE
> Task :app:mapDebugSourceSetPaths UP-TO-DATE
> Task :app:generateDebugResources UP-TO-DATE
> Task :app:mergeDebugResources UP-TO-DATE
> Task :app:packageDebugResources UP-TO-DATE
> Task :app:parseDebugLocalResources UP-TO-DATE
> Task :app:createDebugCompatibleScreenManifests UP-TO-DATE
> Task :app:extractDeepLinksDebug UP-TO-DATE
> Task :app:processDebugMainManifest UP-TO-DATE
> Task :app:processDebugManifest UP-TO-DATE
> Task :app:processDebugManifestForPackage UP-TO-DATE
> Task :app:processDebugResources UP-TO-DATE
> Task :app:kspDebugKotlin UP-TO-DATE

> Task :app:compileDebugKotlin
e: file:///C:/CodeStuffs/References/P
ulse/pulse/app/src/main/java/com/puls
e/data/services/btr/BtrService.kt:45:
27 Argument type mismatch: actual 
type is 
'kotlinx.coroutines.Deferred<T>', 
but 'kotlinx.coroutines.Deferred<kotl
in.Unit>' was expected.

> Task :app:compileDebugKotlin FAILED

FAILURE: Build failed with an 
exception.

* What went wrong:
Execution failed for task 
':app:compileDebugKotlin'.
> A failure occurred while executing 
org.jetbrains.kotlin.compilerRunner.G
radleCompilerRunnerWithWorkers$Gradle
KotlinCompilerWorkAction
   > Compilation error. See log for 
more details

* Try:
> Run with --stacktrace option to 
get the stack trace.
> Run with --info or --debug option 
to get more log output.
> Run with --scan to get full 
insights.
> Get more help at 
https://help.gradle.org.

Deprecated Gradle features were used in this build, making it incompatible with Gradle 9.0.

You can use '--warning-mode all' to show the individual deprecation warnings and determine if they come from your own scripts or plugins.

For more on this, please refer to https://docs.gradle.org/8.10.2/userguide/command_line_interface.html#sec:command_line_warnings in the Gradle documentation.

BUILD FAILED in 19s
15 actionable tasks: 1 executed, 14 up-to-date
